   Compiling mitiflow-bench v0.1.0 (/home/pawis/mitiflow/mitiflow-bench)
    Finished `release` profile [optimized] target(s) in 5.92s
     Running `target/release/bench_durable_consumer_group --transport mitiflow --partitions 8 --consumers 2 --rate 1000 --duration 10 --csv mitiflow-bench/results/dcg_mitiflow_local_256b.csv`
Running durable consumer group benchmark with config: BenchmarkConfig {
    rate: Some(
        1000.0,
    ),
    rate_per_worker: None,
    workers: 1,
    duration: 10,
    ramp_up: None,
    ramp_start_rate: 0.0,
    burst_factor: 0.1,
    csv: Some(
        "mitiflow-bench/results/dcg_mitiflow_local_256b.csv",
    ),
    no_progress: false,
    hide_ramp_progress: false,
    drain_timeout: 30,
}
2026-05-09T05:33:16.093127Z  INFO lightbench::patterns::producer_consumer: ProducerConsumer: 1 producers @ 1000 msg/s, 2 consumers, 10s
[   0.000s]   0 produced | 0 consumed | 0 in-flight | p50=0.00ms
[   1.000s]   444 produced | 445 consumed | 0 in-flight | p50=0.94ms
[   2.000s]   885 produced | 886 consumed | 0 in-flight | p50=0.32ms
[   3.000s]   1321 produced | 1322 consumed | 0 in-flight | p50=0.30ms
[   3.999s]   1753 produced | 1753 consumed | 0 in-flight | p50=0.30ms
[   4.999s]   2193 produced | 2194 consumed | 0 in-flight | p50=0.29ms
[   6.000s]   2627 produced | 2628 consumed | 0 in-flight | p50=0.29ms
[   7.000s]   3069 produced | 3070 consumed | 0 in-flight | p50=0.29ms
[   8.000s]   3509 produced | 3510 consumed | 0 in-flight | p50=0.29ms
[   9.000s]   3955 produced | 3956 consumed | 0 in-flight | p50=0.29ms
[  10.000s]   4397 produced | 4398 consumed | 0 in-flight | p50=0.29ms
[  11.000s]   4398 produced | 4398 consumed | 0 in-flight | p50=0.29ms

PRODUCER/CONSUMER RESULTS
  Duration: 10.0s | Producers: 1 | Consumers: 2 | Target: 1000 msg/s
  In-flight: 0

  Produced
    Throughput:  399.89 ops/s
    Operations:  4398 total, 4398 ok, 0 errors (100.0% success)

  Consumed (queue latency)
    Throughput:  418.89 ops/s
    Operations:  4398 total, 4398 ok, 0 errors (100.0% success)
    Latency (ms):
      min=0.169  p50=0.287  p95=68.944  p99=462.160  max=559.415
      mean=15.804  stddev=74.652

  CSV: mitiflow-bench/results/dcg_mitiflow_local_256b.csv

