   Compiling mitiflow-bench v0.1.0 (/home/pawis/mitiflow/mitiflow-bench)
    Finished `release` profile [optimized] target(s) in 5.46s
     Running `target/release/bench_durable_pubsub --transport mitiflow --rate 1000 --duration 10 --payload-size 256 --csv mitiflow-bench/results/durable_pubsub_mitiflow_local_256b.csv`
Running durable pub/sub benchmark with config: BenchmarkConfig {
    rate: Some(
        1000.0,
    ),
    rate_per_worker: None,
    workers: 1,
    duration: 10,
    ramp_up: None,
    ramp_start_rate: 0.0,
    burst_factor: 0.1,
    csv: Some(
        "mitiflow-bench/results/durable_pubsub_mitiflow_local_256b.csv",
    ),
    no_progress: false,
    hide_ramp_progress: false,
    drain_timeout: 30,
}
2026-05-09T05:32:38.825932Z  INFO lightbench::patterns::producer_consumer: ProducerConsumer: 1 producers @ 1000 msg/s, 1 consumers, 10s
[   0.000s]   0 produced | 0 consumed | 0 in-flight | p50=0.00ms
[   1.000s]   1 produced | 1 consumed | 0 in-flight | p50=0.35ms
[   2.000s]   1 produced | 2 consumed | 0 in-flight | p50=0.29ms
[   3.000s]   1 produced | 3 consumed | 0 in-flight | p50=0.32ms
[   4.000s]   1 produced | 4 consumed | 0 in-flight | p50=0.30ms
[   5.000s]   1 produced | 5 consumed | 0 in-flight | p50=0.32ms
[   6.000s]   1 produced | 6 consumed | 0 in-flight | p50=0.32ms
[   7.001s]   1 produced | 7 consumed | 0 in-flight | p50=0.32ms
[   8.000s]   1 produced | 8 consumed | 0 in-flight | p50=0.32ms
[   9.000s]   1 produced | 9 consumed | 0 in-flight | p50=0.35ms
[  10.000s]   1 produced | 10 consumed | 0 in-flight | p50=0.32ms
[  11.000s]   1 produced | 10 consumed | 0 in-flight | p50=0.32ms

PRODUCER/CONSUMER RESULTS
  Duration: 10.0s | Producers: 1 | Consumers: 1 | Target: 1000 msg/s
  In-flight: 0

  Produced
    Throughput:  0.09 ops/s
    Operations:  1 total, 0 ok, 10 errors (0.0% success)
  Errors:
    durability timeout: watermark did not cover seq 0: 10

  Consumed (queue latency)
    Throughput:  0.91 ops/s
    Operations:  10 total, 10 ok, 0 errors (100.0% success)
    Latency (ms):
      min=0.287  p50=0.321  p95=0.431  p99=0.431  max=0.431
      mean=0.336  stddev=0.044

  CSV: mitiflow-bench/results/durable_pubsub_mitiflow_local_256b.csv

