   Compiling mitiflow-bench v0.1.0 (/home/pawis/mitiflow/mitiflow-bench)
    Finished `release` profile [optimized] target(s) in 5.17s
     Running `target/release/bench_durable --transport mitiflow --rate 1000 --workers 1 --duration 10 --payload-size 256 --csv mitiflow-bench/results/durable_mitiflow_local_256b_after_fix.csv`
2026-05-09T05:37:52.529963Z  INFO zenoh::net::runtime: Using ZID: a8350fe18473cae96888261000d31d61
2026-05-09T05:37:52.530670Z  INFO zenoh::net::runtime::orchestrator: Zenoh can be reached at: tcp/[fe80::215:5dff:feb3:d38f]:43655
2026-05-09T05:37:52.530695Z  INFO zenoh::net::runtime::orchestrator: Zenoh can be reached at: tcp/10.255.255.254:43655
2026-05-09T05:37:52.530698Z  INFO zenoh::net::runtime::orchestrator: Zenoh can be reached at: tcp/172.26.109.129:43655
2026-05-09T05:37:52.530744Z  INFO zenoh::net::runtime::orchestrator: Listening scout messages on 224.0.0.224:7446
2026-05-09T05:37:53.033286Z  INFO fjall::db: Creating database at /tmp/mitiflow-bench-store-1218269
2026-05-09T05:37:53.077256Z  INFO lsm_tree::tree::ingest: Finished ingestion writer
2026-05-09T05:37:53.109430Z  INFO lsm_tree::tree::ingest: Finished ingestion writer
2026-05-09T05:37:53.131903Z  INFO lsm_tree::tree::ingest: Finished ingestion writer
2026-05-09T05:37:53.164697Z  INFO lsm_tree::tree::ingest: Finished ingestion writer
2026-05-09T05:37:53.186770Z  INFO lsm_tree::tree::ingest: Finished ingestion writer
2026-05-09T05:37:53.408457Z  INFO lightbench::patterns::request: Benchmark: 1 workers, 1000.0 req/s (shared), 10s duration
[   0.000s]   0 req | curr 10 req/s | total 893 req/s | p50=0.00ms | 0% ok
[   1.000s]   384 req | curr 384 req/s | total 452 req/s | p50=2.41ms | 90% ok
[   2.000s]   832 req | curr 448 req/s | total 450 req/s | p50=2.39ms | 97% ok
[   2.999s]   1280 req | curr 448 req/s | total 449 req/s | p50=2.40ms | 100% ok
[   4.000s]   1664 req | curr 384 req/s | total 432 req/s | p50=2.40ms | 97% ok
[   5.000s]   2112 req | curr 448 req/s | total 435 req/s | p50=2.40ms | 98% ok
[   5.999s]   2560 req | curr 448 req/s | total 438 req/s | p50=2.40ms | 99% ok
[   7.000s]   3008 req | curr 448 req/s | total 439 req/s | p50=2.40ms | 100% ok
[   8.000s]   3392 req | curr 384 req/s | total 432 req/s | p50=2.40ms | 98% ok
[   9.000s]   3840 req | curr 448 req/s | total 434 req/s | p50=2.40ms | 99% ok
[  10.000s]   4288 req | curr 448 req/s | total 435 req/s | p50=2.39ms | 99% ok
2026-05-09T05:38:03.512108Z  INFO lightbench::patterns::request: Shutting down...

BENCHMARK RESULTS
  Duration: 10.0s | Workers: 1 | Target: 1000 req/s

  Request
    Throughput:  437.97 ops/s
    Operations:  4315 total, 4315 ok, 0 errors (100.0% success)
    Latency (ms):
      min=1.193  p50=2.394  p95=2.595  p99=2.753  max=8.479
      mean=2.318  stddev=0.352

  CSV: mitiflow-bench/results/durable_mitiflow_local_256b_after_fix.csv

2026-05-09T05:38:03.550827Z  INFO zenoh::api::session: close session zid=a8350fe18473cae96888261000d31d61
