    Finished `release` profile [optimized] target(s) in 0.15s
     Running `target/release/bench_durable --transport mitiflow --rate 10 --workers 1 --duration 10 --payload-size 256 --csv mitiflow-bench/results/durable_mitiflow_local_256b_rate10.csv`
2026-05-09T05:35:47.238342Z  INFO zenoh::net::runtime: Using ZID: 1be4a76774455b4c94827135d24d5523
2026-05-09T05:35:47.239513Z  INFO zenoh::net::runtime::orchestrator: Zenoh can be reached at: tcp/[fe80::215:5dff:feb3:d38f]:36703
2026-05-09T05:35:47.239544Z  INFO zenoh::net::runtime::orchestrator: Zenoh can be reached at: tcp/10.255.255.254:36703
2026-05-09T05:35:47.239547Z  INFO zenoh::net::runtime::orchestrator: Zenoh can be reached at: tcp/172.26.109.129:36703
2026-05-09T05:35:47.239592Z  INFO zenoh::net::runtime::orchestrator: Listening scout messages on 224.0.0.224:7446
2026-05-09T05:35:47.740793Z  INFO fjall::db: Creating database at /tmp/mitiflow-bench-store-1211129
2026-05-09T05:35:47.791742Z  INFO lsm_tree::tree::ingest: Finished ingestion writer
2026-05-09T05:35:47.821828Z  INFO lsm_tree::tree::ingest: Finished ingestion writer
2026-05-09T05:35:47.843521Z  INFO lsm_tree::tree::ingest: Finished ingestion writer
2026-05-09T05:35:47.877140Z  INFO lsm_tree::tree::ingest: Finished ingestion writer
2026-05-09T05:35:47.899826Z  INFO lsm_tree::tree::ingest: Finished ingestion writer
2026-05-09T05:35:48.120919Z  INFO lightbench::patterns::request: Benchmark: 1 workers, 10.0 req/s (shared), 10s duration
[   0.000s]   0 req | curr 10 req/s | total 869 req/s | p50=0.00ms | 0% ok
[   1.001s]   0 req | curr 1 req/s | total 2 req/s | p50=0.00ms | 0% ok
[   2.001s]   0 req | curr 1 req/s | total 1 req/s | p50=0.00ms | 0% ok
[   3.000s]   0 req | curr 1 req/s | total 1 req/s | p50=0.00ms | 0% ok
[   4.000s]   0 req | curr 1 req/s | total 1 req/s | p50=0.00ms | 0% ok
[   5.001s]   0 req | curr 1 req/s | total 1 req/s | p50=0.00ms | 0% ok
[   6.000s]   0 req | curr 1 req/s | total 1 req/s | p50=0.00ms | 0% ok
[   7.000s]   0 req | curr 1 req/s | total 1 req/s | p50=0.00ms | 0% ok
[   8.001s]   0 req | curr 1 req/s | total 1 req/s | p50=0.00ms | 0% ok
[   9.000s]   0 req | curr 1 req/s | total 1 req/s | p50=0.00ms | 0% ok
2026-05-09T05:35:58.224942Z  INFO lightbench::patterns::request: Shutting down...
[  10.000s]   0 req | curr 1 req/s | total 1 req/s | p50=0.00ms | 0% ok

BENCHMARK RESULTS
  Duration: 10.0s | Workers: 1 | Target: 10 req/s

  Request
    Throughput:  5200.02 ops/s
    Operations:  11 total, 1 ok, 10 errors (9.1% success)
  Errors:
    durability timeout: watermark did not cover seq 0: 10
    Latency (ms):
      min=2.517  p50=2.519  p95=2.519  p99=2.519  max=2.519
      mean=2.518  stddev=0.000

  CSV: mitiflow-bench/results/durable_mitiflow_local_256b_rate10.csv

2026-05-09T05:35:58.339885Z  INFO zenoh::api::session: close session zid=1be4a76774455b4c94827135d24d5523
