    Finished `release` profile [optimized] target(s) in 0.13s
     Running `target/release/bench_durable_pubsub --transport mitiflow --rate 10 --duration 10 --payload-size 256 --csv mitiflow-bench/results/durable_pubsub_mitiflow_local_256b_rate10.csv`
Running durable pub/sub benchmark with config: BenchmarkConfig {
    rate: Some(
        10.0,
    ),
    rate_per_worker: None,
    workers: 1,
    duration: 10,
    ramp_up: None,
    ramp_start_rate: 0.0,
    burst_factor: 0.1,
    csv: Some(
        "mitiflow-bench/results/durable_pubsub_mitiflow_local_256b_rate10.csv",
    ),
    no_progress: false,
    hide_ramp_progress: false,
    drain_timeout: 30,
}
2026-05-09T05:35:59.394101Z  INFO lightbench::patterns::producer_consumer: ProducerConsumer: 1 producers @ 10 msg/s, 1 consumers, 10s
[   0.000s]   0 produced | 0 consumed | 0 in-flight | p50=0.00ms
[   1.000s]   1 produced | 1 consumed | 0 in-flight | p50=0.51ms
[   2.000s]   1 produced | 2 consumed | 0 in-flight | p50=0.31ms
[   3.000s]   1 produced | 3 consumed | 0 in-flight | p50=0.31ms
[   4.000s]   1 produced | 4 consumed | 0 in-flight | p50=0.31ms
[   5.000s]   1 produced | 5 consumed | 0 in-flight | p50=0.45ms
[   6.000s]   1 produced | 6 consumed | 0 in-flight | p50=0.39ms
[   7.000s]   1 produced | 7 consumed | 0 in-flight | p50=0.39ms
[   8.000s]   1 produced | 8 consumed | 0 in-flight | p50=0.32ms
[   9.000s]   1 produced | 9 consumed | 0 in-flight | p50=0.38ms
[  10.000s]   1 produced | 10 consumed | 0 in-flight | p50=0.32ms
[  11.000s]   1 produced | 10 consumed | 0 in-flight | p50=0.32ms

PRODUCER/CONSUMER RESULTS
  Duration: 10.0s | Producers: 1 | Consumers: 1 | Target: 10 msg/s
  In-flight: 0

  Produced
    Throughput:  0.09 ops/s
    Operations:  1 total, 0 ok, 10 errors (0.0% success)
  Errors:
    durability timeout: watermark did not cover seq 0: 10

  Consumed (queue latency)
    Throughput:  0.92 ops/s
    Operations:  10 total, 10 ok, 0 errors (100.0% success)
    Latency (ms):
      min=0.211  p50=0.321  p95=0.514  p99=0.514  max=0.514
      mean=0.369  stddev=0.092

  CSV: mitiflow-bench/results/durable_pubsub_mitiflow_local_256b_rate10.csv

