   Compiling proc-macro2 v1.0.106
   Compiling unicode-ident v1.0.24
   Compiling quote v1.0.45
   Compiling libc v0.2.185
   Compiling cfg-if v1.0.4
   Compiling zerocopy v0.8.48
   Compiling version_check v0.9.5
   Compiling serde_core v1.0.228
   Compiling once_cell v1.21.4
   Compiling serde v1.0.228
   Compiling memchr v2.8.0
   Compiling log v0.4.29
   Compiling scopeguard v1.2.0
   Compiling pin-project-lite v0.2.17
   Compiling zmij v1.0.21
   Compiling itoa v1.0.18
   Compiling zeroize v1.8.2
   Compiling getrandom v0.3.4
   Compiling libm v0.2.16
   Compiling anyhow v1.0.102
   Compiling rustversion v1.0.22
   Compiling portable-atomic v1.13.1
   Compiling ref-cast v1.0.25
   Compiling equivalent v1.0.2
   Compiling bytes v1.11.1
   Compiling autocfg v1.5.0
   Compiling paste v1.0.15
   Compiling subtle v2.6.1
   Compiling serde_json v1.0.149
   Compiling allocator-api2 v0.2.21
   Compiling smallvec v1.15.1
   Compiling futures-core v0.3.32
   Compiling find-msvc-tools v0.1.9
   Compiling lock_api v0.4.14
   Compiling tracing-core v0.1.36
   Compiling futures-sink v0.3.32
   Compiling num-traits v0.2.19
   Compiling ahash v0.8.12
   Compiling shlex v1.3.0
   Compiling getrandom v0.2.17
   Compiling socket2 v0.6.3
   Compiling mio v1.2.0
   Compiling thiserror v2.0.18
   Compiling either v1.15.0
   Compiling dyn-clone v1.0.20
   Compiling foldhash v0.2.0
   Compiling rustls-pki-types v1.14.0
   Compiling zenoh-macros v1.9.0
   Compiling crossbeam-utils v0.8.21
   Compiling ppv-lite86 v0.2.21
   Compiling rand_core v0.6.4
   Compiling spin v0.9.8
   Compiling slab v0.4.12
   Compiling typeid v1.0.3
   Compiling cc v1.2.60
   Compiling hashbrown v0.16.1
   Compiling generic-array v0.14.7
   Compiling cfg_aliases v0.2.1
   Compiling untrusted v0.9.0
   Compiling futures-channel v0.3.32
   Compiling ucd-trie v0.1.7
   Compiling num-conv v0.2.1
   Compiling futures-io v0.3.32
   Compiling token-cell v2.1.1
   Compiling typenum v1.20.0
   Compiling minimal-lexical v0.2.1
   Compiling lazy_static v1.5.0
   Compiling time-core v0.1.8
   Compiling rand_chacha v0.3.1
   Compiling stable_deref_trait v1.2.1
   Compiling powerfmt v0.2.0
   Compiling futures-task v0.3.32
   Compiling pest v2.8.6
   Compiling ident_case v1.0.1
   Compiling rustls v0.23.39
   Compiling unicode-xid v0.2.6
   Compiling time-macros v0.2.27
   Compiling regex-syntax v0.8.10
   Compiling konst_macro_rules v0.2.19
   Compiling hashbrown v0.14.5
   Compiling deranged v0.5.8
   Compiling zenoh-result v1.9.0
   Compiling nom v7.1.3
   Compiling strsim v0.11.1
   Compiling option-ext v0.2.0
   Compiling const-oid v0.9.6
   Compiling humantime v2.3.0
   Compiling sharded-slab v0.1.7
   Compiling rand_core v0.9.5
   Compiling tracing-log v0.2.0
   Compiling thread_local v1.1.9
   Compiling syn v2.0.117
   Compiling const_format_proc_macros v0.2.34
   Compiling siphasher v1.0.2
   Compiling konst v0.2.20
   Compiling dirs-sys v0.5.0
   Compiling keyed-set v1.1.0
   Compiling zenoh-collections v1.9.0
   Compiling nu-ansi-term v0.50.3
   Compiling no-std-net v0.6.0
   Compiling spin v0.10.0
   Compiling num-integer v0.1.46
   Compiling hashbrown v0.17.0
   Compiling pest_meta v2.8.6
   Compiling rand_chacha v0.9.0
   Compiling nanorand v0.7.0
   Compiling pnet_sys v0.35.0
   Compiling winnow v1.0.2
   Compiling openssl-probe v0.2.1
   Compiling rustc-hash v2.1.2
   Compiling dirs v6.0.0
   Compiling quinn-udp v0.5.14
   Compiling libloading v0.8.9
   Compiling data-encoding v2.10.0
   Compiling rusticata-macros v4.1.0
   Compiling crypto-common v0.1.7
   Compiling pnet_base v0.35.0
   Compiling unsafe-libyaml v0.2.11
   Compiling rand v0.8.6
   Compiling home v0.5.12
   Compiling winnow v0.7.15
   Compiling oid-registry v0.8.1
   Compiling rustls-native-certs v0.8.3
   Compiling toml_writer v1.1.1+spec-1.1.0
   Compiling ryu v1.0.23
   Compiling tinyvec_macros v0.1.1
   Compiling shellexpand v3.1.2
   Compiling indexmap v2.14.0
   Compiling flume v0.11.1
   Compiling num-bigint v0.4.6
   Compiling zenoh-buffers v1.9.0
   Compiling block-buffer v0.10.4
   Compiling quinn v0.11.9
   Compiling num_cpus v1.17.0
   Compiling base64 v0.22.1
   Compiling semver v1.0.28
   Compiling lru-slab v0.1.2
   Compiling webpki-roots v1.0.7
   Compiling time v0.3.47
   Compiling tinyvec v1.11.0
   Compiling rustls-pemfile v2.2.0
   Compiling const_format v0.2.36
   Compiling ring v0.17.14
   Compiling socket2 v0.5.10
   Compiling litemap v0.8.2
   Compiling digest v0.10.7
   Compiling writeable v0.6.3
   Compiling pem v3.0.6
   Compiling synstructure v0.13.2
   Compiling serde_derive v1.0.228
   Compiling ref-cast-impl v1.0.25
   Compiling tokio-macros v2.7.0
   Compiling serde_derive_internals v0.29.1
   Compiling tracing-attributes v0.1.31
   Compiling displaydoc v0.2.5
   Compiling thiserror-impl v2.0.18
   Compiling futures-macro v0.3.32
   Compiling darling_core v0.23.0
   Compiling pest_generator v2.8.6
   Compiling asn1-rs-impl v0.2.0
   Compiling unzip-n v0.1.4
   Compiling zerovec-derive v0.11.3
   Compiling toml_parser v1.1.2+spec-1.1.0
   Compiling async-trait v0.1.89
   Compiling rustc_version v0.4.1
   Compiling byteorder v1.5.0
   Compiling icu_normalizer_data v2.2.0
   Compiling rand v0.9.4
   Compiling zerofrom-derive v0.1.7
   Compiling yoke-derive v0.8.2
   Compiling schemars_derive v1.2.1
   Compiling asn1-rs-derive v0.6.0
   Compiling yasna v0.5.2
   Compiling pest_derive v2.8.6
   Compiling icu_properties_data v2.2.0
   Compiling getrandom v0.4.2
   Compiling darling_macro v0.23.0
   Compiling utf8_iter v1.0.4
   Compiling cpufeatures v0.2.17
   Compiling crossbeam-epoch v0.9.18
   Compiling validated_struct_macros v2.2.0
   Compiling bitflags v2.11.1
   Compiling toml_datetime v0.7.5+spec-1.1.0
   Compiling serde_spanned v1.1.1
   Compiling thiserror v1.0.69
   Compiling tokio v1.52.1
   Compiling httparse v1.10.1
   Compiling base64ct v1.8.3
   Compiling thiserror-impl v1.0.69
   Compiling futures-util v0.3.32
   Compiling toml_datetime v1.1.1+spec-1.1.0
   Compiling syn v1.0.109
   Compiling darling v0.23.0
   Compiling sha1 v0.10.6
   Compiling tracing v0.1.44
   Compiling concurrent-queue v2.5.0
   Compiling crossbeam-channel v0.5.15
   Compiling nix v0.29.0
   Compiling zerofrom v0.1.7
   Compiling pem-rfc7468 v0.7.0
   Compiling http v1.4.0
   Compiling parking v2.2.1
   Compiling percent-encoding v2.3.2
   Compiling serde_with_macros v3.18.0
   Compiling utf-8 v0.7.6
   Compiling toml_edit v0.25.11+spec-1.1.0
   Compiling stabby-macros v72.1.1
   Compiling yoke v0.8.2
   Compiling fastbloom v0.14.1
   Compiling crc32fast v1.5.0
   Compiling stabby-abi v72.1.1
   Compiling inout v0.1.4
   Compiling arc-swap v1.9.1
   Compiling event-listener v5.4.1
   Compiling der v0.7.10
   Compiling num-bigint-dig v0.8.6
   Compiling adler2 v2.0.1
   Compiling asn1-rs v0.7.1
   Compiling simd-adler32 v0.3.9
   Compiling zerovec v0.11.6
   Compiling zerotrie v0.2.4
   Compiling cipher v0.4.4
   Compiling uuid v1.23.1
   Compiling crossbeam-deque v0.8.6
   Compiling num-iter v0.1.45
   Compiling proc-macro-crate v3.5.0
   Compiling form_urlencoded v1.2.2
   Compiling regex-automata v0.4.14
   Compiling crossbeam-queue v0.3.12
   Compiling spki v0.7.3
   Compiling rustix v1.1.4
   Compiling phf_shared v0.13.1
   Compiling sha2-const-stable v0.1.0
   Compiling keccak v0.1.6
   Compiling static_assertions v1.1.0
   Compiling stabby v72.1.1
   Compiling fastrand v2.4.1
   Compiling aes v0.8.4
   Compiling signature v2.2.0
   Compiling tinystr v0.8.3
   Compiling potential_utf v0.1.5
   Compiling hmac v0.12.1
   Compiling git-version-macro v0.3.9
   Compiling linux-raw-sys v0.12.1
   Compiling serde_with v3.18.0
   Compiling sha3 v0.10.9
   Compiling pkcs8 v0.10.2
   Compiling twox-hash v1.6.3
   Compiling parking_lot_core v0.9.12
   Compiling tungstenite v0.24.0
   Compiling icu_collections v2.2.0
   Compiling crossbeam v0.8.4
   Compiling foldhash v0.1.5
   Compiling icu_locale_core v2.2.0
   Compiling phf_generator v0.13.1
   Compiling array-init v2.1.0
   Compiling utf8parse v0.2.2
   Compiling zenoh v1.9.0
   Compiling heapless v0.7.17
   Compiling miniz_oxide v0.8.9
   Compiling colorchoice v1.0.5
   Compiling hashbrown v0.15.5
   Compiling twox-hash v2.1.2
   Compiling anstyle-parse v1.0.0
   Compiling toml v0.9.12+spec-1.1.0
   Compiling lz4_flex v0.10.0
   Compiling ringbuffer-spsc v0.1.15
   Compiling is_terminal_polyfill v1.70.2
   Compiling git-version v0.3.9
   Compiling xxhash-rust v0.8.15
   Compiling phf_macros v0.13.1
   Compiling icu_provider v2.2.0
   Compiling fixedbitset v0.5.7
   Compiling zenoh-crypto v1.9.0
   Compiling compare v0.0.6
   Compiling anstyle-query v1.1.5
   Compiling anstyle v1.0.14
   Compiling byteorder-lite v0.1.0
   Compiling pkcs1 v0.7.5
   Compiling crossbeam-skiplist v0.1.3
   Compiling lz4_flex v0.13.0
   Compiling hash32 v0.2.1
   Compiling enum_dispatch v0.3.13
   Compiling petgraph v0.8.3
   Compiling quick_cache v0.6.21
   Compiling itertools v0.14.0
   Compiling interval-heap v0.0.5
   Compiling byteview v0.10.1
   Compiling anstream v1.0.0
   Compiling icu_properties v2.2.0
   Compiling icu_normalizer v2.2.0
   Compiling sfa v1.0.0
   Compiling schemars v1.2.1
   Compiling clap_lex v1.1.0
   Compiling saa v5.5.1
   Compiling varint-rs v2.2.0
   Compiling self_cell v1.2.2
   Compiling vec_map v0.8.2
   Compiling phf v0.13.1
   Compiling heck v0.5.0
   Compiling ron v0.12.1
   Compiling tracing-serde v0.2.0
   Compiling ipnetwork v0.20.0
   Compiling uhlc v0.8.2
   Compiling json5 v0.4.1
   Compiling serde_yaml v0.9.34+deprecated
   Compiling nonempty-collections v0.3.1
   Compiling secrecy v0.8.0
   Compiling der-parser v10.0.0
   Compiling clap_derive v4.6.1
   Compiling sdd v4.8.6
   Compiling flate2 v1.1.9
   Compiling clap_builder v4.6.0
   Compiling dashmap v6.1.0
   Compiling cobs v0.3.0
   Compiling miette-derive v7.6.0
   Compiling rmp v0.8.15
   Compiling flume v0.12.0
   Compiling base64 v0.21.7
   Compiling idna_adapter v1.2.1
   Compiling unicode-width v0.1.14
   Compiling iana-time-zone v0.1.65
   Compiling rmp-serde v1.3.1
   Compiling pnet_datalink v0.35.0
   Compiling rsa v0.9.10
   Compiling scc v3.7.0
   Compiling bincode v1.3.3
   Compiling leb128 v0.2.6
   Compiling chrono v0.4.44
   Compiling idna v1.1.0
   Compiling futures-executor v0.3.32
   Compiling zenoh-keyexpr v1.9.0
   Compiling hdrhistogram v7.5.4
   Compiling miette v7.6.0
   Compiling postcard v1.1.3
   Compiling x509-parser v0.18.1
   Compiling matchers v0.2.0
   Compiling futures v0.3.32
   Compiling tempfile v3.27.0
   Compiling validated_struct v2.2.0
   Compiling tracing-subscriber v0.3.23
   Compiling url v2.5.8
   Compiling lsm-tree v3.1.4
   Compiling rustls-webpki v0.103.13
   Compiling rcgen v0.14.7
   Compiling zenoh-protocol v1.9.0
   Compiling zenoh-runtime v1.9.0
   Compiling tokio-util v0.7.18
   Compiling tokio-tungstenite v0.24.0
   Compiling tokio-stream v0.1.18
   Compiling clap v4.6.1
   Compiling lightbench v0.3.2
   Compiling zenoh-core v1.9.0
   Compiling zenoh-util v1.9.0
   Compiling zenoh-sync v1.9.0
   Compiling zenoh-task v1.9.0
   Compiling zenoh-codec v1.9.0
   Compiling zenoh-config v1.9.0
   Compiling fjall v3.1.4
   Compiling rustls-platform-verifier v0.6.2
   Compiling tokio-rustls v0.26.4
   Compiling tls-listener v0.11.2
   Compiling quinn-proto v0.11.14
   Compiling zenoh-link-commons v1.9.0
   Compiling zenoh-plugin-trait v1.9.0
   Compiling zenoh-link-quic_datagram v1.9.0
   Compiling zenoh-link-ws v1.9.0
   Compiling zenoh-link-unixsock_stream v1.9.0
   Compiling zenoh-link-tls v1.9.0
   Compiling zenoh-link-tcp v1.9.0
   Compiling zenoh-link-udp v1.9.0
   Compiling zenoh-link-quic v1.9.0
   Compiling zenoh-link v1.9.0
   Compiling zenoh-transport v1.9.0
   Compiling mitiflow v0.1.0 (/home/pawis/mitiflow/mitiflow)
   Compiling zenoh-ext v1.9.0
   Compiling mitiflow-bench v0.1.0 (/home/pawis/mitiflow/mitiflow-bench)
    Finished `release` profile [optimized] target(s) in 1m 11s
     Running `target/release/bench_pubsub --transport mitiflow --duration 10 --payload-size 256 --workers 1 --consumers 1 --csv mitiflow-bench/results/pubsub_mitiflow_local_256b.csv`
2026-05-09T05:32:07.032608Z  INFO zenoh::net::runtime: Using ZID: 1f1fab579349f2ab2943fbaa59753e4
2026-05-09T05:32:07.033309Z  INFO zenoh::net::runtime::orchestrator: Zenoh can be reached at: tcp/[fe80::215:5dff:feb3:d38f]:46253
2026-05-09T05:32:07.033339Z  INFO zenoh::net::runtime::orchestrator: Zenoh can be reached at: tcp/10.255.255.254:46253
2026-05-09T05:32:07.033342Z  INFO zenoh::net::runtime::orchestrator: Zenoh can be reached at: tcp/172.26.109.129:46253
2026-05-09T05:32:07.033451Z  INFO zenoh::net::runtime::orchestrator: Listening scout messages on 224.0.0.224:7446
2026-05-09T05:32:07.536358Z  INFO zenoh::net::runtime: Using ZID: 5034824499394f42af99465a1df62a77
2026-05-09T05:32:07.537005Z  INFO zenoh::net::runtime::orchestrator: Zenoh can be reached at: tcp/[fe80::215:5dff:feb3:d38f]:43739
2026-05-09T05:32:07.537032Z  INFO zenoh::net::runtime::orchestrator: Zenoh can be reached at: tcp/10.255.255.254:43739
2026-05-09T05:32:07.537035Z  INFO zenoh::net::runtime::orchestrator: Zenoh can be reached at: tcp/172.26.109.129:43739
2026-05-09T05:32:07.537065Z  INFO zenoh::net::runtime::orchestrator: Listening scout messages on 224.0.0.224:7446
Running benchmark with config: BenchmarkConfig {
    rate: None,
    rate_per_worker: None,
    workers: 1,
    duration: 10,
    ramp_up: None,
    ramp_start_rate: 0.0,
    burst_factor: 0.1,
    csv: Some(
        "mitiflow-bench/results/pubsub_mitiflow_local_256b.csv",
    ),
    no_progress: false,
    hide_ramp_progress: false,
    drain_timeout: 30,
}
2026-05-09T05:32:07.540045Z  INFO lightbench::patterns::producer_consumer: ProducerConsumer: 1 producers @ 0 msg/s, 1 consumers, 10s
[   0.000s]   274 produced | 14 consumed | 260 in-flight | p50=1.00ms
2026-05-09T05:32:07.919225Z  WARN mitiflow::subscriber::recovery: irrecoverable gap — 1 events lost publisher=019e0b38-b9f4-7cd1-b6fd-572949ffb03b partition=36 remaining=[0]
2026-05-09T05:32:07.919271Z  WARN mitiflow::subscriber::recovery: irrecoverable gap — 1 events lost publisher=019e0b38-b9f4-7cd1-b6fd-572949ffb03b partition=0 remaining=[0]
2026-05-09T05:32:07.919271Z  WARN mitiflow::subscriber::recovery: irrecoverable gap — 1 events lost publisher=019e0b38-b9f4-7cd1-b6fd-572949ffb03b partition=21 remaining=[0]
2026-05-09T05:32:07.919283Z  WARN mitiflow::subscriber::recovery: gap recovery failed: gap recovery failed for publisher 019e0b38-b9f4-7cd1-b6fd-572949ffb03b, missed sequences 0..1
2026-05-09T05:32:07.919274Z  WARN mitiflow::subscriber::recovery: irrecoverable gap — 1 events lost publisher=019e0b38-b9f4-7cd1-b6fd-572949ffb03b partition=16 remaining=[0]
2026-05-09T05:32:07.919282Z  WARN mitiflow::subscriber::recovery: gap recovery failed: gap recovery failed for publisher 019e0b38-b9f4-7cd1-b6fd-572949ffb03b, missed sequences 0..1
2026-05-09T05:32:07.919293Z  WARN mitiflow::subscriber::recovery: irrecoverable gap — 1 events lost publisher=019e0b38-b9f4-7cd1-b6fd-572949ffb03b partition=38 remaining=[0]
2026-05-09T05:32:07.919299Z  WARN mitiflow::subscriber::recovery: gap recovery failed: gap recovery failed for publisher 019e0b38-b9f4-7cd1-b6fd-572949ffb03b, missed sequences 0..1
2026-05-09T05:32:07.919291Z  WARN mitiflow::subscriber::recovery: gap recovery failed: gap recovery failed for publisher 019e0b38-b9f4-7cd1-b6fd-572949ffb03b, missed sequences 0..1
2026-05-09T05:32:07.919307Z  WARN mitiflow::subscriber::recovery: gap recovery failed: gap recovery failed for publisher 019e0b38-b9f4-7cd1-b6fd-572949ffb03b, missed sequences 0..1
2026-05-09T05:32:07.919222Z  WARN mitiflow::subscriber::recovery: irrecoverable gap — 1 events lost publisher=019e0b38-b9f4-7cd1-b6fd-572949ffb03b partition=25 remaining=[0]
2026-05-09T05:32:07.919309Z  WARN mitiflow::subscriber::recovery: irrecoverable gap — 1 events lost publisher=019e0b38-b9f4-7cd1-b6fd-572949ffb03b partition=2 remaining=[0]
2026-05-09T05:32:07.919362Z  WARN mitiflow::subscriber::recovery: gap recovery failed: gap recovery failed for publisher 019e0b38-b9f4-7cd1-b6fd-572949ffb03b, missed sequences 0..1
2026-05-09T05:32:07.919317Z  WARN mitiflow::subscriber::recovery: gap recovery failed: gap recovery failed for publisher 019e0b38-b9f4-7cd1-b6fd-572949ffb03b, missed sequences 0..1
2026-05-09T05:32:07.919513Z  WARN mitiflow::subscriber::recovery: irrecoverable gap — 1 events lost publisher=019e0b38-b9f4-7cd1-b6fd-572949ffb03b partition=4 remaining=[0]
2026-05-09T05:32:07.919534Z  WARN mitiflow::subscriber::recovery: irrecoverable gap — 1 events lost publisher=019e0b38-b9f4-7cd1-b6fd-572949ffb03b partition=24 remaining=[0]
2026-05-09T05:32:07.919539Z  WARN mitiflow::subscriber::recovery: gap recovery failed: gap recovery failed for publisher 019e0b38-b9f4-7cd1-b6fd-572949ffb03b, missed sequences 0..1
2026-05-09T05:32:07.919541Z  WARN mitiflow::subscriber::recovery: gap recovery failed: gap recovery failed for publisher 019e0b38-b9f4-7cd1-b6fd-572949ffb03b, missed sequences 0..1
2026-05-09T05:32:07.919583Z  WARN mitiflow::subscriber::recovery: irrecoverable gap — 1 events lost publisher=019e0b38-b9f4-7cd1-b6fd-572949ffb03b partition=37 remaining=[0]
2026-05-09T05:32:07.919590Z  WARN mitiflow::subscriber::recovery: gap recovery failed: gap recovery failed for publisher 019e0b38-b9f4-7cd1-b6fd-572949ffb03b, missed sequences 0..1
2026-05-09T05:32:07.919585Z  WARN mitiflow::subscriber::recovery: irrecoverable gap — 1 events lost publisher=019e0b38-b9f4-7cd1-b6fd-572949ffb03b partition=46 remaining=[0]
2026-05-09T05:32:07.919598Z  WARN mitiflow::subscriber::recovery: gap recovery failed: gap recovery failed for publisher 019e0b38-b9f4-7cd1-b6fd-572949ffb03b, missed sequences 0..1
2026-05-09T05:32:07.919661Z  WARN mitiflow::subscriber::recovery: irrecoverable gap — 1 events lost publisher=019e0b38-b9f4-7cd1-b6fd-572949ffb03b partition=34 remaining=[0]
2026-05-09T05:32:07.919671Z  WARN mitiflow::subscriber::recovery: gap recovery failed: gap recovery failed for publisher 019e0b38-b9f4-7cd1-b6fd-572949ffb03b, missed sequences 0..1
2026-05-09T05:32:07.919688Z  WARN mitiflow::subscriber::recovery: irrecoverable gap — 1 events lost publisher=019e0b38-b9f4-7cd1-b6fd-572949ffb03b partition=23 remaining=[0]
2026-05-09T05:32:07.919697Z  WARN mitiflow::subscriber::recovery: gap recovery failed: gap recovery failed for publisher 019e0b38-b9f4-7cd1-b6fd-572949ffb03b, missed sequences 0..1
2026-05-09T05:32:07.919700Z  WARN mitiflow::subscriber::recovery: irrecoverable gap — 1 events lost publisher=019e0b38-b9f4-7cd1-b6fd-572949ffb03b partition=19 remaining=[0]
2026-05-09T05:32:07.919691Z  WARN mitiflow::subscriber::recovery: irrecoverable gap — 1 events lost publisher=019e0b38-b9f4-7cd1-b6fd-572949ffb03b partition=10 remaining=[0]
2026-05-09T05:32:07.919717Z  WARN mitiflow::subscriber::recovery: gap recovery failed: gap recovery failed for publisher 019e0b38-b9f4-7cd1-b6fd-572949ffb03b, missed sequences 0..1
2026-05-09T05:32:07.919705Z  WARN mitiflow::subscriber::recovery: gap recovery failed: gap recovery failed for publisher 019e0b38-b9f4-7cd1-b6fd-572949ffb03b, missed sequences 0..1
2026-05-09T05:32:07.919702Z  WARN mitiflow::subscriber::recovery: irrecoverable gap — 1 events lost publisher=019e0b38-b9f4-7cd1-b6fd-572949ffb03b partition=22 remaining=[0]
2026-05-09T05:32:07.919781Z  WARN mitiflow::subscriber::recovery: gap recovery failed: gap recovery failed for publisher 019e0b38-b9f4-7cd1-b6fd-572949ffb03b, missed sequences 0..1
2026-05-09T05:32:07.919799Z  WARN mitiflow::subscriber::recovery: irrecoverable gap — 1 events lost publisher=019e0b38-b9f4-7cd1-b6fd-572949ffb03b partition=20 remaining=[0]
2026-05-09T05:32:07.919806Z  WARN mitiflow::subscriber::recovery: gap recovery failed: gap recovery failed for publisher 019e0b38-b9f4-7cd1-b6fd-572949ffb03b, missed sequences 0..1
2026-05-09T05:32:07.919815Z  WARN mitiflow::subscriber::recovery: irrecoverable gap — 1 events lost publisher=019e0b38-b9f4-7cd1-b6fd-572949ffb03b partition=6 remaining=[0]
2026-05-09T05:32:07.919844Z  WARN mitiflow::subscriber::recovery: gap recovery failed: gap recovery failed for publisher 019e0b38-b9f4-7cd1-b6fd-572949ffb03b, missed sequences 0..1
2026-05-09T05:32:07.919838Z  WARN mitiflow::subscriber::recovery: irrecoverable gap — 1 events lost publisher=019e0b38-b9f4-7cd1-b6fd-572949ffb03b partition=43 remaining=[0]
2026-05-09T05:32:07.919853Z  WARN mitiflow::subscriber::recovery: gap recovery failed: gap recovery failed for publisher 019e0b38-b9f4-7cd1-b6fd-572949ffb03b, missed sequences 0..1
2026-05-09T05:32:07.920018Z  WARN mitiflow::subscriber::recovery: irrecoverable gap — 1 events lost publisher=019e0b38-b9f4-7cd1-b6fd-572949ffb03b partition=45 remaining=[0]
2026-05-09T05:32:07.920034Z  WARN mitiflow::subscriber::recovery: irrecoverable gap — 1 events lost publisher=019e0b38-b9f4-7cd1-b6fd-572949ffb03b partition=12 remaining=[0]
2026-05-09T05:32:07.920043Z  WARN mitiflow::subscriber::recovery: gap recovery failed: gap recovery failed for publisher 019e0b38-b9f4-7cd1-b6fd-572949ffb03b, missed sequences 0..1
2026-05-09T05:32:07.920046Z  WARN mitiflow::subscriber::recovery: gap recovery failed: gap recovery failed for publisher 019e0b38-b9f4-7cd1-b6fd-572949ffb03b, missed sequences 0..1
2026-05-09T05:32:07.920030Z  WARN mitiflow::subscriber::recovery: irrecoverable gap — 1 events lost publisher=019e0b38-b9f4-7cd1-b6fd-572949ffb03b partition=8 remaining=[0]
2026-05-09T05:32:07.920052Z  WARN mitiflow::subscriber::recovery: gap recovery failed: gap recovery failed for publisher 019e0b38-b9f4-7cd1-b6fd-572949ffb03b, missed sequences 0..1
2026-05-09T05:32:07.920051Z  WARN mitiflow::subscriber::recovery: irrecoverable gap — 1 events lost publisher=019e0b38-b9f4-7cd1-b6fd-572949ffb03b partition=35 remaining=[0]
2026-05-09T05:32:07.920058Z  WARN mitiflow::subscriber::recovery: gap recovery failed: gap recovery failed for publisher 019e0b38-b9f4-7cd1-b6fd-572949ffb03b, missed sequences 0..1
2026-05-09T05:32:07.920775Z  WARN mitiflow::subscriber::recovery: irrecoverable gap — 1 events lost publisher=019e0b38-b9f4-7cd1-b6fd-572949ffb03b partition=27 remaining=[0]
2026-05-09T05:32:07.920818Z  WARN mitiflow::subscriber::recovery: gap recovery failed: gap recovery failed for publisher 019e0b38-b9f4-7cd1-b6fd-572949ffb03b, missed sequences 0..1
2026-05-09T05:32:07.920779Z  WARN mitiflow::subscriber::recovery: irrecoverable gap — 1 events lost publisher=019e0b38-b9f4-7cd1-b6fd-572949ffb03b partition=18 remaining=[0]
2026-05-09T05:32:07.920882Z  WARN mitiflow::subscriber::recovery: gap recovery failed: gap recovery failed for publisher 019e0b38-b9f4-7cd1-b6fd-572949ffb03b, missed sequences 0..1
2026-05-09T05:32:07.920885Z  WARN mitiflow::subscriber::recovery: irrecoverable gap — 1 events lost publisher=019e0b38-b9f4-7cd1-b6fd-572949ffb03b partition=28 remaining=[0]
2026-05-09T05:32:07.920892Z  WARN mitiflow::subscriber::recovery: irrecoverable gap — 1 events lost publisher=019e0b38-b9f4-7cd1-b6fd-572949ffb03b partition=29 remaining=[0]
2026-05-09T05:32:07.920894Z  WARN mitiflow::subscriber::recovery: gap recovery failed: gap recovery failed for publisher 019e0b38-b9f4-7cd1-b6fd-572949ffb03b, missed sequences 0..1
2026-05-09T05:32:07.920782Z  WARN mitiflow::subscriber::recovery: irrecoverable gap — 1 events lost publisher=019e0b38-b9f4-7cd1-b6fd-572949ffb03b partition=32 remaining=[0]
2026-05-09T05:32:07.920897Z  WARN mitiflow::subscriber::recovery: gap recovery failed: gap recovery failed for publisher 019e0b38-b9f4-7cd1-b6fd-572949ffb03b, missed sequences 0..1
2026-05-09T05:32:07.920904Z  WARN mitiflow::subscriber::recovery: gap recovery failed: gap recovery failed for publisher 019e0b38-b9f4-7cd1-b6fd-572949ffb03b, missed sequences 0..1
2026-05-09T05:32:07.921087Z  WARN mitiflow::subscriber::recovery: irrecoverable gap — 1 events lost publisher=019e0b38-b9f4-7cd1-b6fd-572949ffb03b partition=1 remaining=[0]
2026-05-09T05:32:07.921109Z  WARN mitiflow::subscriber::recovery: gap recovery failed: gap recovery failed for publisher 019e0b38-b9f4-7cd1-b6fd-572949ffb03b, missed sequences 0..1
2026-05-09T05:32:07.921127Z  WARN mitiflow::subscriber::recovery: irrecoverable gap — 1 events lost publisher=019e0b38-b9f4-7cd1-b6fd-572949ffb03b partition=14 remaining=[0]
2026-05-09T05:32:07.921129Z  WARN mitiflow::subscriber::recovery: gap recovery failed: gap recovery failed for publisher 019e0b38-b9f4-7cd1-b6fd-572949ffb03b, missed sequences 0..1
2026-05-09T05:32:07.921145Z  WARN mitiflow::subscriber::recovery: irrecoverable gap — 1 events lost publisher=019e0b38-b9f4-7cd1-b6fd-572949ffb03b partition=41 remaining=[0]
2026-05-09T05:32:07.921152Z  WARN mitiflow::subscriber::recovery: gap recovery failed: gap recovery failed for publisher 019e0b38-b9f4-7cd1-b6fd-572949ffb03b, missed sequences 0..1
2026-05-09T05:32:07.921206Z  WARN mitiflow::subscriber::recovery: irrecoverable gap — 1 events lost publisher=019e0b38-b9f4-7cd1-b6fd-572949ffb03b partition=44 remaining=[0]
2026-05-09T05:32:07.921231Z  WARN mitiflow::subscriber::recovery: gap recovery failed: gap recovery failed for publisher 019e0b38-b9f4-7cd1-b6fd-572949ffb03b, missed sequences 0..1
2026-05-09T05:32:07.921365Z  WARN mitiflow::subscriber::recovery: irrecoverable gap — 1 events lost publisher=019e0b38-b9f4-7cd1-b6fd-572949ffb03b partition=7 remaining=[0]
2026-05-09T05:32:07.921387Z  WARN mitiflow::subscriber::recovery: gap recovery failed: gap recovery failed for publisher 019e0b38-b9f4-7cd1-b6fd-572949ffb03b, missed sequences 0..1
2026-05-09T05:32:07.921436Z  WARN mitiflow::subscriber::recovery: irrecoverable gap — 1 events lost publisher=019e0b38-b9f4-7cd1-b6fd-572949ffb03b partition=17 remaining=[0]
2026-05-09T05:32:07.921464Z  WARN mitiflow::subscriber::recovery: gap recovery failed: gap recovery failed for publisher 019e0b38-b9f4-7cd1-b6fd-572949ffb03b, missed sequences 0..1
2026-05-09T05:32:07.921490Z  WARN mitiflow::subscriber::recovery: irrecoverable gap — 1 events lost publisher=019e0b38-b9f4-7cd1-b6fd-572949ffb03b partition=31 remaining=[0]
2026-05-09T05:32:07.921525Z  WARN mitiflow::subscriber::recovery: irrecoverable gap — 1 events lost publisher=019e0b38-b9f4-7cd1-b6fd-572949ffb03b partition=48 remaining=[0]
2026-05-09T05:32:07.921531Z  WARN mitiflow::subscriber::recovery: gap recovery failed: gap recovery failed for publisher 019e0b38-b9f4-7cd1-b6fd-572949ffb03b, missed sequences 0..1
2026-05-09T05:32:07.921534Z  WARN mitiflow::subscriber::recovery: gap recovery failed: gap recovery failed for publisher 019e0b38-b9f4-7cd1-b6fd-572949ffb03b, missed sequences 0..1
2026-05-09T05:32:07.921485Z  WARN mitiflow::subscriber::recovery: irrecoverable gap — 1 events lost publisher=019e0b38-b9f4-7cd1-b6fd-572949ffb03b partition=13 remaining=[0]
2026-05-09T05:32:07.921634Z  WARN mitiflow::subscriber::recovery: gap recovery failed: gap recovery failed for publisher 019e0b38-b9f4-7cd1-b6fd-572949ffb03b, missed sequences 0..1
2026-05-09T05:32:07.921825Z  WARN mitiflow::subscriber::recovery: irrecoverable gap — 1 events lost publisher=019e0b38-b9f4-7cd1-b6fd-572949ffb03b partition=11 remaining=[0]
2026-05-09T05:32:07.921869Z  WARN mitiflow::subscriber::recovery: irrecoverable gap — 1 events lost publisher=019e0b38-b9f4-7cd1-b6fd-572949ffb03b partition=39 remaining=[0]
2026-05-09T05:32:07.921876Z  WARN mitiflow::subscriber::recovery: gap recovery failed: gap recovery failed for publisher 019e0b38-b9f4-7cd1-b6fd-572949ffb03b, missed sequences 0..1
2026-05-09T05:32:07.921875Z  WARN mitiflow::subscriber::recovery: gap recovery failed: gap recovery failed for publisher 019e0b38-b9f4-7cd1-b6fd-572949ffb03b, missed sequences 0..1
2026-05-09T05:32:07.921843Z  WARN mitiflow::subscriber::recovery: irrecoverable gap — 1 events lost publisher=019e0b38-b9f4-7cd1-b6fd-572949ffb03b partition=47 remaining=[0]
2026-05-09T05:32:07.921887Z  WARN mitiflow::subscriber::recovery: irrecoverable gap — 1 events lost publisher=019e0b38-b9f4-7cd1-b6fd-572949ffb03b partition=40 remaining=[0]
2026-05-09T05:32:07.921893Z  WARN mitiflow::subscriber::recovery: gap recovery failed: gap recovery failed for publisher 019e0b38-b9f4-7cd1-b6fd-572949ffb03b, missed sequences 0..1
2026-05-09T05:32:07.921911Z  WARN mitiflow::subscriber::recovery: gap recovery failed: gap recovery failed for publisher 019e0b38-b9f4-7cd1-b6fd-572949ffb03b, missed sequences 0..1
2026-05-09T05:32:07.921927Z  WARN mitiflow::subscriber::recovery: irrecoverable gap — 1 events lost publisher=019e0b38-b9f4-7cd1-b6fd-572949ffb03b partition=26 remaining=[0]
2026-05-09T05:32:07.921940Z  WARN mitiflow::subscriber::recovery: gap recovery failed: gap recovery failed for publisher 019e0b38-b9f4-7cd1-b6fd-572949ffb03b, missed sequences 0..1
2026-05-09T05:32:07.921844Z  WARN mitiflow::subscriber::recovery: irrecoverable gap — 1 events lost publisher=019e0b38-b9f4-7cd1-b6fd-572949ffb03b partition=5 remaining=[0]
2026-05-09T05:32:07.921950Z  WARN mitiflow::subscriber::recovery: gap recovery failed: gap recovery failed for publisher 019e0b38-b9f4-7cd1-b6fd-572949ffb03b, missed sequences 0..1
2026-05-09T05:32:07.922013Z  WARN mitiflow::subscriber::recovery: irrecoverable gap — 1 events lost publisher=019e0b38-b9f4-7cd1-b6fd-572949ffb03b partition=15 remaining=[0]
2026-05-09T05:32:07.922055Z  WARN mitiflow::subscriber::recovery: gap recovery failed: gap recovery failed for publisher 019e0b38-b9f4-7cd1-b6fd-572949ffb03b, missed sequences 0..1
2026-05-09T05:32:07.922016Z  WARN mitiflow::subscriber::recovery: irrecoverable gap — 1 events lost publisher=019e0b38-b9f4-7cd1-b6fd-572949ffb03b partition=42 remaining=[0]
2026-05-09T05:32:07.922068Z  WARN mitiflow::subscriber::recovery: gap recovery failed: gap recovery failed for publisher 019e0b38-b9f4-7cd1-b6fd-572949ffb03b, missed sequences 0..1
2026-05-09T05:32:07.922126Z  WARN mitiflow::subscriber::recovery: irrecoverable gap — 1 events lost publisher=019e0b38-b9f4-7cd1-b6fd-572949ffb03b partition=30 remaining=[0]
2026-05-09T05:32:07.922172Z  WARN mitiflow::subscriber::recovery: gap recovery failed: gap recovery failed for publisher 019e0b38-b9f4-7cd1-b6fd-572949ffb03b, missed sequences 0..1
2026-05-09T05:32:07.922189Z  WARN mitiflow::subscriber::recovery: irrecoverable gap — 1 events lost publisher=019e0b38-b9f4-7cd1-b6fd-572949ffb03b partition=9 remaining=[0]
2026-05-09T05:32:07.922233Z  WARN mitiflow::subscriber::recovery: gap recovery failed: gap recovery failed for publisher 019e0b38-b9f4-7cd1-b6fd-572949ffb03b, missed sequences 0..1
2026-05-09T05:32:07.922258Z  WARN mitiflow::subscriber::recovery: irrecoverable gap — 1 events lost publisher=019e0b38-b9f4-7cd1-b6fd-572949ffb03b partition=33 remaining=[0]
2026-05-09T05:32:07.922265Z  WARN mitiflow::subscriber::recovery: gap recovery failed: gap recovery failed for publisher 019e0b38-b9f4-7cd1-b6fd-572949ffb03b, missed sequences 0..1
2026-05-09T05:32:07.922130Z  WARN mitiflow::subscriber::recovery: irrecoverable gap — 1 events lost publisher=019e0b38-b9f4-7cd1-b6fd-572949ffb03b partition=3 remaining=[0]
2026-05-09T05:32:07.922286Z  WARN mitiflow::subscriber::recovery: gap recovery failed: gap recovery failed for publisher 019e0b38-b9f4-7cd1-b6fd-572949ffb03b, missed sequences 0..1
[   1.000s]   472956 produced | 464602 consumed | 8354 in-flight | p50=17.53ms
[   2.000s]   946739 produced | 931289 consumed | 15450 in-flight | p50=21.79ms
[   3.000s]   1427173 produced | 1413922 consumed | 13251 in-flight | p50=30.28ms
[   4.001s]   1914123 produced | 1903549 consumed | 10574 in-flight | p50=26.36ms
[   5.000s]   2394425 produced | 2380129 consumed | 14296 in-flight | p50=27.90ms
[   6.000s]   2843773 produced | 2827083 consumed | 16690 in-flight | p50=29.80ms
[   7.000s]   3316956 produced | 3301233 consumed | 15723 in-flight | p50=30.18ms
[   8.000s]   3789259 produced | 3771634 consumed | 17625 in-flight | p50=31.59ms
[   9.001s]   4272838 produced | 4255530 consumed | 17308 in-flight | p50=32.10ms
[  10.000s]   4741753 produced | 4723524 consumed | 18229 in-flight | p50=32.90ms
2026-05-09T05:32:17.542238Z  INFO zenoh::api::session: close session zid=5034824499394f42af99465a1df62a77
2026-05-09T05:32:17.543968Z  INFO zenoh::api::session: close session zid=1f1fab579349f2ab2943fbaa59753e4

PRODUCER/CONSUMER RESULTS
  Duration: 10.0s | Producers: 1 | Consumers: 1 | Target: 0 msg/s
  In-flight: 18226

  Produced
    Throughput:  474098.49 ops/s
    Operations:  4741753 total, 4741753 ok, 0 errors (100.0% success)

  Consumed (queue latency)
    Throughput:  472298.12 ops/s
    Operations:  4723527 total, 4723527 ok, 0 errors (100.0% success)
    Latency (ms):
      min=0.428  p50=32.899  p95=41.583  p99=44.138  max=49.054
      mean=31.077  stddev=7.956

  CSV: mitiflow-bench/results/pubsub_mitiflow_local_256b.csv

